// Jest Snapshot v1, https://goo.gl/fbAQLP

exports[`Contract: SimpleStorage generates graphql schema 1`] = `
"directive @erc1820(interfaceName: String) on FIELD_DEFINITION

directive @mappingIndex(mapping: String) on FIELD_DEFINITION

scalar Address

scalar BigNumber

type Mutation {
  SimpleStorage(address: Address!): SimpleStorageMutative
}

type Query {
  SimpleStorage(address: Address!): SimpleStorage
}

type SimpleStorage {
  _address: Address
  get: BigNumber
}

type SimpleStorageMutative {
  set(x: BigNumber): Boolean
}
"
`;
